Reference Classne                       True Positives  False Positives True Negatives  Precision       Recall  F1 Score
---------------                         --------------  --------------- --------------  ---------       ------  --------
date-component-month-year               16              0               10593           1.0000          1.0000  1.0000
date-component-day-month-year           578             52              9921            0.9175          0.9088  0.9131
date-component-month                    258             28              10241           0.9021          0.7588  0.8243
title                                   2046            578             7390            0.7797          0.7747  0.7772
comment                                 778             598             8699            0.5654          0.5930  0.5789
date-component-day                      281             99              10144           0.7395          0.7678  0.7534
date-component-time                     1412            9               9183            0.9937          0.9965  0.9951
date-component-day-month                535             18              10027           0.9675          0.9486  0.9579
date-component-year                     308             88              10119           0.7778          0.7662  0.7719
url                                     2557            10              8035            0.9961          0.9973  0.9967
date-component-day-month-year-time      321             17              10262           0.9497          0.9727  0.9611
date-component-day-month-time           21              1               10587           0.9545          1.0000  0.9767
Overall accuracy: 0.8588