Reference Classne                       True Positives  False Positives True Negatives  Precision       Recall  F1 Score
---------------                         --------------  --------------- --------------  ---------       ------  --------
date-component-day-month-year-time      307             10              10959           0.9685          0.9685  0.9685
comment                                 978             529             9347            0.6490          0.6936  0.6706
date-component-day                      202             63              10888           0.7623          0.6030  0.6733
url                                     2667            22              8571            0.9918          0.9903  0.9911
date-component-time                     1584            48              9627            0.9706          0.9832  0.9769
date-component-year                     263             138             10825           0.6559          0.8142  0.7265
date-component-day-month-time           55              7               11224           0.8871          1.0000  0.9402
title                                   2240            390             8063            0.8517          0.7907  0.8201
date-component-day-month-year           693             68              10488           0.9106          0.9493  0.9296
date-component-day-month                609             26              10630           0.9591          0.9667  0.9628
date-component-month                    328             43              10909           0.8841          0.9820  0.9305
date-component-month-year               15              1               11270           0.9375          1.0000  0.9677
Overall accuracy: 0.8808
